// Jest Snapshot v1, https://goo.gl/fbAQLP

exports[`работа MobileClient 1`] = `
<tr>
  <td>
    Иванов
  </td>
  <td>
    Иван
  </td>
  <td>
    Иванович
  </td>
  <td>
    200
  </td>
  <td
    style={
      Object {
        "backgroundColor": "chartreuse",
      }
    }
  >
    Active
  </td>
  <td>
    <button
      className="MobileClient-Edit"
      onClick={[Function]}
    >
      Редактировать
    </button>
  </td>
  <td>
    <button
      className="MobileClient-Delete"
      onClick={[Function]}
    >
      Удалить
    </button>
  </td>
</tr>
`;

exports[`работа MobileClient 2`] = `
<tr>
  <td>
    Иванов
  </td>
  <td>
    Иван
  </td>
  <td>
    Иванович
  </td>
  <td>
    200
  </td>
  <td
    style={
      Object {
        "backgroundColor": "chartreuse",
      }
    }
  >
    Active
  </td>
  <td>
    <button
      className="MobileClient-Edit"
      onClick={[Function]}
    >
      Редактировать
    </button>
  </td>
  <td>
    <button
      className="MobileClient-Delete"
      onClick={[Function]}
    >
      Удалить
    </button>
  </td>
</tr>
`;

exports[`работа MobileClient 3`] = `
<tr>
  <td>
    Иванов
  </td>
  <td>
    Иван
  </td>
  <td>
    Иванович
  </td>
  <td>
    200
  </td>
  <td
    style={
      Object {
        "backgroundColor": "chartreuse",
      }
    }
  >
    Active
  </td>
  <td>
    <button
      className="MobileClient-Edit"
      onClick={[Function]}
    >
      Редактировать
    </button>
  </td>
  <td>
    <button
      className="MobileClient-Delete"
      onClick={[Function]}
    >
      Удалить
    </button>
  </td>
</tr>
`;
